C51 COMPILER V9.54   SR04                                                                  10/03/2023 22:45:44 PAGE 1   


C51 COMPILER V9.54, COMPILATION OF MODULE SR04
OBJECT MODULE PLACED IN .\Objects\sr04.obj
COMPILER INVOKED BY: D:\Professional_software\Keil5\C51\BIN\C51.EXE sr04.c OPTIMIZE(8,SPEED) BROWSE DEBUG OBJECTEXTEND P
                    -RINT(.\Listings\sr04.lst) OBJECT(.\Objects\sr04.obj)

line level    source

   1          #include "sr04.h"
   2          #include <INTRINS.H>
   3          #include <REGX52.H>
   4          sbit TRIG = P1^0;
   5          sbit ECHO = P1^1;
   6          
   7          void Delay20us()                //@11.0592MHz
   8          {
   9   1              unsigned char i;
  10   1      
  11   1              _nop_();
  12   1              _nop_();
  13   1              _nop_();
  14   1              i = 52;
  15   1              while (--i);
  16   1      }
  17          
  18          void sr04_init(){
  19   1              //hc-sr04初始化
  20   1              TRIG = 0;
  21   1              ECHO = 1;        
  22   1              //定时器初始化
  23   1              TMOD |= 0x01;
  24   1              TH0 = 0x00;
  25   1              TL0 = 0x00;
  26   1              TR0 = 0;//关掉定时器
  27   1      }
  28          
  29          float Sr04_Measure(){
  30   1              unsigned int temp_arr[10],temp_sum=0,t;
  31   1              unsigned int i,j;
  32   1              float temp_result;
  33   1              
  34   1              for(i=0; i<10; i++){
  35   2                      TRIG = 1;
  36   2                      Delay20us();
  37   2                      TRIG = 0;
  38   2                      
  39   2                      while(ECHO == 0);
  40   2                      TH0=0X00; TL0=0X00;
  41   2                      TR0 = 1;
  42   2                      while(ECHO == 1);
  43   2                      temp_arr[i] = TH0*256+TL0;
  44   2                      
  45   2                      Delay20us();
  46   2                      Delay20us();
  47   2                      Delay20us();
  48   2                      Delay20us();
  49   2                      Delay20us();
  50   2              }
  51   1              for(i=0; i<9; i++){     //冒泡排序
  52   2                      for(j=i+1; j<10; j++){
  53   3                              if(temp_arr[i]>temp_arr[j]){
  54   4                                      t = temp_arr[i];
C51 COMPILER V9.54   SR04                                                                  10/03/2023 22:45:44 PAGE 2   

  55   4                                      temp_arr[i]=temp_arr[j];
  56   4                                      temp_arr[j]=t;
  57   4                              }
  58   3                      }
  59   2              }
  60   1              for(i=2; i<8; i++) temp_sum += temp_arr[i];
  61   1              temp_result = (float)temp_sum/6;
  62   1              
  63   1              return (float)(temp_result*0.00034/2)*100;
  64   1      }


MODULE INFORMATION:   STATIC OVERLAYABLE
   CODE SIZE        =    304    ----
   CONSTANT SIZE    =   ----    ----
   XDATA SIZE       =   ----    ----
   PDATA SIZE       =   ----    ----
   DATA SIZE        =   ----      28
   IDATA SIZE       =   ----    ----
   BIT SIZE         =   ----    ----
END OF MODULE INFORMATION.


C51 COMPILATION COMPLETE.  0 WARNING(S),  0 ERROR(S)
